// Vitest Snapshot v1, https://vitest.dev/guide/snapshot.html

exports[`Photos Application > should insert multiple photo cards when submitted sequentially 1`] = `
<ul
  class="flex flex-col gap-6 justify-center"
  id="photo-card-list"
>
  <li
    class="justify-items-center"
  >
    <img
      alt="Lorem Picsum 200x300"
      src="https://picsum.photos/200/300"
    />
    <p>
      Lorem Picsum 200x300
    </p>
  </li>
  <li
    class="justify-items-center"
  >
    <img
      alt="Lorem Picsum 300x400"
      src="https://picsum.photos/300/400"
    />
    <p>
      Lorem Picsum 300x400
    </p>
  </li>
</ul>
`;
